// Jest Snapshot v1, https://goo.gl/fbAQLP

exports[`Testa <BookCard /> Deve renderizar <BookCard />  1`] = `
<WithStyles(Card)>
  <WithStyles(Grid)
    container={true}
    direction="column"
    justify="flex-end"
  >
    <WithStyles(CardMedia)
      id="imgBookH9lBCwAAQBAJ"
      image="http://books.google.com/books/content?id=H9lBCwAAQBAJ&printsec=frontcover&img=1&zoom=5&edge=curl&source=gbs_api"
      onClick={[Function]}
      title="Live from space album cover"
    />
    <WithStyles(CardContent)>
      <WithStyles(Typography)
        component="p"
        id="tituloLivroH9lBCwAAQBAJ"
        variant="subtitle1"
      >
        Jane Eyre
      </WithStyles(Typography)>
      <WithStyles(Typography)
        color="textSecondary"
        id="autorLivroH9lBCwAAQBAJ"
        variant="subtitle2"
      >
        Charlotte BrontÃ«
      </WithStyles(Typography)>
    </WithStyles(CardContent)>
    <div>
      <WithStyles(IconButton)
        aria-label="Add to favorites"
        id="btnFavoriteH9lBCwAAQBAJ"
        onClick={[Function]}
      >
        <pure(FavoriteIcon) />
      </WithStyles(IconButton)>
      <WithStyles(IconButton)
        aria-label="Share"
        id="btnShoppingH9lBCwAAQBAJ"
        onClick={[Function]}
      >
        <pure(ShoppingCartIcon) />
      </WithStyles(IconButton)>
    </div>
  </WithStyles(Grid)>
</WithStyles(Card)>
`;
