// Jest Snapshot v1, https://goo.gl/fbAQLP

exports[`Testa <notificationContainer /> Deve renderizar <notificationContainer />  1`] = `
<Fragment>
  <WithStyles(notification) />
</Fragment>
`;
